[2m2025-11-13T06:55:33.914606Z[0m [[32m[1minfo     [0m] [1mRunning the uvicorn with:
Apps: all
Workers: 1
Host: 0.0.0.0:8080
Timeout: 120
Logfiles: -
=================================================================[0m [[0m[1m[34mairflow.cli.commands.api_server_command[0m][0m [36mloc[0m=[35mapi_server_command.py:54[0m
[1;33m/home/airflow/dbt-env/lib/python3.12/site-packages/airflow/api_fastapi/execution_api/routes/[0m[1;33m__init__.py[0m[1;33m:[0m[1;33m23[0m[1;33m DeprecationWarning[0m[33m: [0m[33m'HTTP_422_UNPROCESSABLE_ENTITY'[0m[33m is deprecated. Use [0m[33m'HTTP_422_UNPROCESSABLE_CONTENT'[0m[33m instead.[0m
[1;33m/home/airflow/dbt-env/lib/python3.12/site-packages/flask_limiter/[0m[1;33mextension.py[0m[1;33m:[0m[1;33m324[0m[1;33m UserWarning[0m[33m: Using the in-memory storage for tracking rate limits as no storage was explicitly specified. This is not recommended for production use. See: [0m[4;33mhttps://flask-limiter.readthedocs.io#configuring-a-storage-backend[0m[33m for documentation about configuring the storage backend.[0m
appbuilder.app is deprecated and will be removed in a future version. Use current_app instead
2025-11-13T06:55:34.985139Z [warning  ] appbuilder.app is deprecated and will be removed in a future version. Use current_app instead [flask_appbuilder.base] loc=init_appbuilder.py:228
appbuilder.app is deprecated and will be removed in a future version. Use current_app instead
2025-11-13T06:55:35.005846Z [warning  ] appbuilder.app is deprecated and will be removed in a future version. Use current_app instead [flask_appbuilder.base] loc=init_appbuilder.py:228
appbuilder.app is deprecated and will be removed in a future version. Use current_app instead
2025-11-13T06:55:35.019983Z [warning  ] appbuilder.app is deprecated and will be removed in a future version. Use current_app instead [flask_appbuilder.base] loc=init_appbuilder.py:228
appbuilder.app is deprecated and will be removed in a future version. Use current_app instead
2025-11-13T06:55:35.039827Z [warning  ] appbuilder.app is deprecated and will be removed in a future version. Use current_app instead [flask_appbuilder.base] loc=init_appbuilder.py:228
appbuilder.app is deprecated and will be removed in a future version. Use current_app instead
2025-11-13T06:55:35.059433Z [warning  ] appbuilder.app is deprecated and will be removed in a future version. Use current_app instead [flask_appbuilder.base] loc=init_appbuilder.py:228
appbuilder.app is deprecated and will be removed in a future version. Use current_app instead
2025-11-13T06:55:35.079388Z [warning  ] appbuilder.app is deprecated and will be removed in a future version. Use current_app instead [flask_appbuilder.base] loc=init_appbuilder.py:228
[1;33m/home/airflow/dbt-env/lib/python3.12/site-packages/airflow/api_fastapi/core_api/routes/public/[0m[1;33m__init__.py[0m[1;33m:[0m[1;33m36[0m[1;33m DeprecationWarning[0m[33m: [0m[33m'HTTP_422_UNPROCESSABLE_ENTITY'[0m[33m is deprecated. Use [0m[33m'HTTP_422_UNPROCESSABLE_CONTENT'[0m[33m instead.[0m
INFO:     Started server process [3291]
INFO:     Waiting for application startup.
INFO:     Application startup complete.
INFO:     Uvicorn running on http://0.0.0.0:8080 (Press CTRL+C to quit)
INFO:     Shutting down
INFO:     Waiting for application shutdown.
INFO:     Application shutdown complete.
INFO:     Finished server process [3291]
Terminating on signal 15
